Archive member included because of file (symbol)

c:/winavr-20100110/bin/../lib/gcc/avr/4.3.3/avr5\libgcc.a(_exit.o)
                              c:/winavr-20100110/bin/../lib/gcc/avr/4.3.3/../../../../avr/lib/avr5/crtm328.o (exit)
c:/winavr-20100110/bin/../lib/gcc/avr/4.3.3/avr5\libgcc.a(_copy_data.o)
                              ./main.o (__do_copy_data)
c:/winavr-20100110/bin/../lib/gcc/avr/4.3.3/avr5\libgcc.a(_clear_bss.o)
                              ./serial.o (__do_clear_bss)

Allocating common symbols
Common symbol       size              file

inputBuff           0x1               ./serial.o
outputBuff          0x28              ./serial.o

Memory Configuration

Name             Origin             Length             Attributes
text             0x00000000         0x00020000         xr
data             0x00800060         0x0000ffa0         rw !x
eeprom           0x00810000         0x00010000         rw !x
fuse             0x00820000         0x00000400         rw !x
lock             0x00830000         0x00000400         rw !x
signature        0x00840000         0x00000400         rw !x
*default*        0x00000000         0xffffffff

Linker script and memory map

Address of section .data set to 0x800100
LOAD c:/winavr-20100110/bin/../lib/gcc/avr/4.3.3/../../../../avr/lib/avr5/crtm328.o
LOAD ./lcd.o
LOAD ./main.o
LOAD ./serial.o
LOAD ./tinymenu.o
LOAD c:/winavr-20100110/bin/../lib/gcc/avr/4.3.3/avr5\libgcc.a
LOAD c:/winavr-20100110/bin/../lib/gcc/avr/4.3.3/../../../../avr/lib/avr5\libc.a
LOAD c:/winavr-20100110/bin/../lib/gcc/avr/4.3.3/avr5\libgcc.a

.hash
 *(.hash)

.dynsym
 *(.dynsym)

.dynstr
 *(.dynstr)

.gnu.version
 *(.gnu.version)

.gnu.version_d
 *(.gnu.version_d)

.gnu.version_r
 *(.gnu.version_r)

.rel.init
 *(.rel.init)

.rela.init
 *(.rela.init)

.rel.text
 *(.rel.text)
 *(.rel.text.*)
 *(.rel.gnu.linkonce.t*)

.rela.text
 *(.rela.text)
 *(.rela.text.*)
 *(.rela.gnu.linkonce.t*)

.rel.fini
 *(.rel.fini)

.rela.fini
 *(.rela.fini)

.rel.rodata
 *(.rel.rodata)
 *(.rel.rodata.*)
 *(.rel.gnu.linkonce.r*)

.rela.rodata
 *(.rela.rodata)
 *(.rela.rodata.*)
 *(.rela.gnu.linkonce.r*)

.rel.data
 *(.rel.data)
 *(.rel.data.*)
 *(.rel.gnu.linkonce.d*)

.rela.data
 *(.rela.data)
 *(.rela.data.*)
 *(.rela.gnu.linkonce.d*)

.rel.ctors
 *(.rel.ctors)

.rela.ctors
 *(.rela.ctors)

.rel.dtors
 *(.rel.dtors)

.rela.dtors
 *(.rela.dtors)

.rel.got
 *(.rel.got)

.rela.got
 *(.rela.got)

.rel.bss
 *(.rel.bss)

.rela.bss
 *(.rela.bss)

.rel.plt
 *(.rel.plt)

.rela.plt
 *(.rela.plt)

.text           0x00000000      0x582
 *(.vectors)
 .vectors       0x00000000       0x68 c:/winavr-20100110/bin/../lib/gcc/avr/4.3.3/../../../../avr/lib/avr5/crtm328.o
                0x00000000                __vectors
                0x00000000                __vector_default
 *(.vectors)
 *(.progmem.gcc*)
 *(.progmem*)
                0x00000068                . = ALIGN (0x2)
                0x00000068                __trampolines_start = .
 *(.trampolines)
 .trampolines   0x00000068        0x0 linker stubs
 *(.trampolines*)
                0x00000068                __trampolines_end = .
 *(.jumptables)
 *(.jumptables*)
 *(.lowtext)
 *(.lowtext*)
                0x00000068                __ctors_start = .
 *(.ctors)
                0x00000068                __ctors_end = .
                0x00000068                __dtors_start = .
 *(.dtors)
                0x00000068                __dtors_end = .
 SORT(*)(.ctors)
 SORT(*)(.dtors)
 *(.init0)
 .init0         0x00000068        0x0 c:/winavr-20100110/bin/../lib/gcc/avr/4.3.3/../../../../avr/lib/avr5/crtm328.o
                0x00000068                __init
 *(.init0)
 *(.init1)
 *(.init1)
 *(.init2)
 .init2         0x00000068        0xc c:/winavr-20100110/bin/../lib/gcc/avr/4.3.3/../../../../avr/lib/avr5/crtm328.o
 *(.init2)
 *(.init3)
 *(.init3)
 *(.init4)
 .init4         0x00000074       0x16 c:/winavr-20100110/bin/../lib/gcc/avr/4.3.3/avr5\libgcc.a(_copy_data.o)
                0x00000074                __do_copy_data
 .init4         0x0000008a       0x10 c:/winavr-20100110/bin/../lib/gcc/avr/4.3.3/avr5\libgcc.a(_clear_bss.o)
                0x0000008a                __do_clear_bss
 *(.init4)
 *(.init5)
 *(.init5)
 *(.init6)
 *(.init6)
 *(.init7)
 *(.init7)
 *(.init8)
 *(.init8)
 *(.init9)
 .init9         0x0000009a        0x8 c:/winavr-20100110/bin/../lib/gcc/avr/4.3.3/../../../../avr/lib/avr5/crtm328.o
 *(.init9)
 *(.text)
 .text          0x000000a2        0x4 c:/winavr-20100110/bin/../lib/gcc/avr/4.3.3/../../../../avr/lib/avr5/crtm328.o
                0x000000a2                __vector_22
                0x000000a2                __vector_1
                0x000000a2                __vector_24
                0x000000a2                __vector_12
                0x000000a2                __bad_interrupt
                0x000000a2                __vector_6
                0x000000a2                __vector_3
                0x000000a2                __vector_23
                0x000000a2                __vector_25
                0x000000a2                __vector_11
                0x000000a2                __vector_13
                0x000000a2                __vector_17
                0x000000a2                __vector_19
                0x000000a2                __vector_7
                0x000000a2                __vector_5
                0x000000a2                __vector_4
                0x000000a2                __vector_9
                0x000000a2                __vector_2
                0x000000a2                __vector_21
                0x000000a2                __vector_15
                0x000000a2                __vector_8
                0x000000a2                __vector_14
                0x000000a2                __vector_10
                0x000000a2                __vector_16
                0x000000a2                __vector_20
 .text          0x000000a6        0x0 ./lcd.o
 .text          0x000000a6        0x0 ./main.o
 .text          0x000000a6        0x0 ./serial.o
 .text          0x000000a6        0x0 ./tinymenu.o
 .text          0x000000a6        0x0 c:/winavr-20100110/bin/../lib/gcc/avr/4.3.3/avr5\libgcc.a(_exit.o)
 .text          0x000000a6        0x0 c:/winavr-20100110/bin/../lib/gcc/avr/4.3.3/avr5\libgcc.a(_copy_data.o)
 .text          0x000000a6        0x0 c:/winavr-20100110/bin/../lib/gcc/avr/4.3.3/avr5\libgcc.a(_clear_bss.o)
                0x000000a6                . = ALIGN (0x2)
 *(.text.*)
 .text.lcd_write
                0x000000a6       0x3a ./lcd.o
 .text.lcd_read
                0x000000e0       0x2e ./lcd.o
 .text.lcd_waitbusy
                0x0000010e       0x14 ./lcd.o
 .text.lcd_command
                0x00000122       0x14 ./lcd.o
                0x00000122                lcd_command
 .text.lcd_data
                0x00000136       0x14 ./lcd.o
                0x00000136                lcd_data
 .text.lcd_gotoxy
                0x0000014a       0x20 ./lcd.o
                0x0000014a                lcd_gotoxy
 .text.lcd_getxy
                0x0000016a        0x8 ./lcd.o
                0x0000016a                lcd_getxy
 .text.lcd_clrscr
                0x00000172        0x8 ./lcd.o
                0x00000172                lcd_clrscr
 .text.lcd_home
                0x0000017a        0x8 ./lcd.o
                0x0000017a                lcd_home
 .text.lcd_putc
                0x00000182       0x40 ./lcd.o
                0x00000182                lcd_putc
 .text.lcd_puts
                0x000001c2       0x18 ./lcd.o
                0x000001c2                lcd_puts
 .text.lcd_puts_p
                0x000001da       0x1c ./lcd.o
                0x000001da                lcd_puts_p
 .text.lcd_init
                0x000001f6       0x6c ./lcd.o
                0x000001f6                lcd_init
 .text.adjust_value
                0x00000262        0xc ./main.o
                0x00000262                adjust_value
 .text.main     0x0000026e        0xe ./main.o
                0x0000026e                main
 .text.my_select
                0x0000027c       0x30 ./main.o
                0x0000027c                my_select
 .text.serialInit
                0x000002ac       0x1e ./serial.o
                0x000002ac                serialInit
 .text.serialGetCmd
                0x000002ca        0x6 ./serial.o
                0x000002ca                serialGetCmd
 .text.__vector_18
                0x000002d0       0x20 ./serial.o
                0x000002d0                __vector_18
 .text.writeSerial
                0x000002f0        0xa ./serial.o
                0x000002f0                writeSerial
 .text.menu_display
                0x000002fa      0x126 ./tinymenu.o
                0x000002fa                menu_display
 .text.menu_enter
                0x00000420       0x1c ./tinymenu.o
                0x00000420                menu_enter
 .text.menu_exit
                0x0000043c       0x1e ./tinymenu.o
                0x0000043c                menu_exit
 .text.menu_prev_entry
                0x0000045a       0x50 ./tinymenu.o
                0x0000045a                menu_prev_entry
 .text.menu_next_entry
                0x000004aa       0x62 ./tinymenu.o
                0x000004aa                menu_next_entry
 .text.menu_select
                0x0000050c       0x72 ./tinymenu.o
                0x0000050c                menu_select
 .text.libgcc   0x0000057e        0x0 c:/winavr-20100110/bin/../lib/gcc/avr/4.3.3/avr5\libgcc.a(_exit.o)
 .text.libgcc   0x0000057e        0x0 c:/winavr-20100110/bin/../lib/gcc/avr/4.3.3/avr5\libgcc.a(_copy_data.o)
 .text.libgcc   0x0000057e        0x0 c:/winavr-20100110/bin/../lib/gcc/avr/4.3.3/avr5\libgcc.a(_clear_bss.o)
                0x0000057e                . = ALIGN (0x2)
 *(.fini9)
 .fini9         0x0000057e        0x0 c:/winavr-20100110/bin/../lib/gcc/avr/4.3.3/avr5\libgcc.a(_exit.o)
                0x0000057e                exit
                0x0000057e                _exit
 *(.fini9)
 *(.fini8)
 *(.fini8)
 *(.fini7)
 *(.fini7)
 *(.fini6)
 *(.fini6)
 *(.fini5)
 *(.fini5)
 *(.fini4)
 *(.fini4)
 *(.fini3)
 *(.fini3)
 *(.fini2)
 *(.fini2)
 *(.fini1)
 *(.fini1)
 *(.fini0)
 .fini0         0x0000057e        0x4 c:/winavr-20100110/bin/../lib/gcc/avr/4.3.3/avr5\libgcc.a(_exit.o)
 *(.fini0)
                0x00000582                _etext = .

.data           0x00800100      0x23c load address 0x00000582
                0x00800100                PROVIDE (__data_start, .)
 *(.data)
 .data          0x00800100        0x0 c:/winavr-20100110/bin/../lib/gcc/avr/4.3.3/../../../../avr/lib/avr5/crtm328.o
 .data          0x00800100        0x0 ./lcd.o
 .data          0x00800100        0xb ./main.o
 .data          0x0080010b        0x0 ./serial.o
 .data          0x0080010b        0x0 ./tinymenu.o
 .data          0x0080010b        0x0 c:/winavr-20100110/bin/../lib/gcc/avr/4.3.3/avr5\libgcc.a(_exit.o)
 .data          0x0080010b        0x0 c:/winavr-20100110/bin/../lib/gcc/avr/4.3.3/avr5\libgcc.a(_copy_data.o)
 .data          0x0080010b        0x0 c:/winavr-20100110/bin/../lib/gcc/avr/4.3.3/avr5\libgcc.a(_clear_bss.o)
 *(.data*)
 .data.freq_sub1
                0x0080010b       0x37 ./main.o
                0x0080010b                freq_sub1
 .data.amp_sub1_menu
                0x00800142       0x82 ./main.o
                0x00800142                amp_sub1_menu
 .data.shape_sub1_menu
                0x008001c4       0x50 ./main.o
                0x008001c4                shape_sub1_menu
 .data.sync_sub1_menu
                0x00800214       0x37 ./main.o
                0x00800214                sync_sub1_menu
 .data.status_sub1_menu
                0x0080024b       0x50 ./main.o
                0x0080024b                status_sub1_menu
 .data.main_menu
                0x0080029b       0x9b ./main.o
                0x0080029b                main_menu
 .data.menu_context
                0x00800336        0x6 ./main.o
                0x00800336                menu_context
 *(.rodata)
 *(.rodata*)
 *(.gnu.linkonce.d*)
                0x0080033c                . = ALIGN (0x2)
                0x0080033c                _edata = .
                0x0080033c                PROVIDE (__data_end, .)

.bss            0x0080033c       0x29
                0x0080033c                PROVIDE (__bss_start, .)
 *(.bss)
 .bss           0x0080033c        0x0 c:/winavr-20100110/bin/../lib/gcc/avr/4.3.3/../../../../avr/lib/avr5/crtm328.o
 .bss           0x0080033c        0x0 ./lcd.o
 .bss           0x0080033c        0x0 ./main.o
 .bss           0x0080033c        0x0 ./serial.o
 .bss           0x0080033c        0x0 ./tinymenu.o
 .bss           0x0080033c        0x0 c:/winavr-20100110/bin/../lib/gcc/avr/4.3.3/avr5\libgcc.a(_exit.o)
 .bss           0x0080033c        0x0 c:/winavr-20100110/bin/../lib/gcc/avr/4.3.3/avr5\libgcc.a(_copy_data.o)
 .bss           0x0080033c        0x0 c:/winavr-20100110/bin/../lib/gcc/avr/4.3.3/avr5\libgcc.a(_clear_bss.o)
 *(.bss*)
 *(COMMON)
 COMMON         0x0080033c       0x29 ./serial.o
                0x0080033c                inputBuff
                0x0080033d                outputBuff
                0x00800365                PROVIDE (__bss_end, .)
                0x00000582                __data_load_start = LOADADDR (.data)
                0x000007be                __data_load_end = (__data_load_start + SIZEOF (.data))

.noinit         0x00800365        0x0
                0x00800365                PROVIDE (__noinit_start, .)
 *(.noinit*)
                0x00800365                PROVIDE (__noinit_end, .)
                0x00800365                _end = .
                0x00800365                PROVIDE (__heap_start, .)

.eeprom         0x00810000        0x0
 *(.eeprom*)
                0x00810000                __eeprom_end = .

.fuse
 *(.fuse)
 *(.lfuse)
 *(.hfuse)
 *(.efuse)

.lock
 *(.lock*)

.signature
 *(.signature*)

.stab
 *(.stab)

.stabstr
 *(.stabstr)

.stab.excl
 *(.stab.excl)

.stab.exclstr
 *(.stab.exclstr)

.stab.index
 *(.stab.index)

.stab.indexstr
 *(.stab.indexstr)

.comment
 *(.comment)

.debug
 *(.debug)

.line
 *(.line)

.debug_srcinfo
 *(.debug_srcinfo)

.debug_sfnames
 *(.debug_sfnames)

.debug_aranges
 *(.debug_aranges)

.debug_pubnames
 *(.debug_pubnames)

.debug_info
 *(.debug_info)
 *(.gnu.linkonce.wi.*)

.debug_abbrev
 *(.debug_abbrev)

.debug_line
 *(.debug_line)

.debug_frame
 *(.debug_frame)

.debug_str
 *(.debug_str)

.debug_loc
 *(.debug_loc)

.debug_macinfo
 *(.debug_macinfo)
OUTPUT(Menu01.elf elf32-avr)
LOAD linker stubs
